// Jest Snapshot v1, https://goo.gl/fbAQLP

exports[`IsItBullshit renders correctly 1`] = `
<div>
  <img
    src="/loading.gif"
  />
</div>
`;
