// Jest Snapshot v1, https://goo.gl/fbAQLP

exports[`QuantumPhysicsFeed renders correctly 1`] = `
<div>
  <div>
    <img
      className="loading-indicator"
      src="/loading.gif"
    />
  </div>
</div>
`;
